// Jest Snapshot v1, https://goo.gl/fbAQLP

exports[`parser parses correctly static html 1`] = `
Array [
  Object {
    "date": 2020-05-24T17:00:00.000Z,
    "href": "https://everydayastronaut.com/launcherone-test-flight/",
    "label": "LauncherOne | Test Flight",
  },
  Object {
    "date": 2020-05-27T20:33:31.000Z,
    "href": "https://everydayastronaut.com/dragon-2-dm-2-spacexs-first-crewed-mission/",
    "label": "Falcon 9 Block 5 | Crew Dragon DM-2",
  },
  Object {
    "date": 2020-05-28T10:00:00.000Z,
    "href": "https://everydayastronaut.com/starship-sn-4-150-meter-hop/",
    "label": "Starship SN-4 | 150 meter hop",
  },
  Object {
    "date": 2020-05-19T10:00:00.000Z,
    "href": "https://everydayastronaut.com/starlink-7-falcon-9-block-5-prelaunch-preview/",
    "label": "Falcon 9 | Starlink 7",
  },
]
`;
